lab session: fm-lab-role-live-8670-26289
pane: w1:p1
tokens before any session start: {}
== foreign: session start exit=0
   injected env: HERDR_BIN_PATH=/opt/homebrew/bin/herdr HERDR_ENV=1 HERDR_PANE_ID=w1:p1 HERDR_SESSION=fm-lab-role-live-8670-26289 HERDR_SOCKET_PATH=/Users/karanmanoharan/.config/herdr/sessions/fm-lab-role-live-8670-26289/herdr.sock HERDR_TAB_ID=w1:t1 HERDR_WORKSPACE_ID=w1 
   role warnings in session start output:
   pane tokens after: {}
== primary: session start exit=0
   injected env: HERDR_BIN_PATH=/opt/homebrew/bin/herdr HERDR_ENV=1 HERDR_PANE_ID=w1:p1 HERDR_SESSION=fm-lab-role-live-8670-26289 HERDR_SOCKET_PATH=/Users/karanmanoharan/.config/herdr/sessions/fm-lab-role-live-8670-26289/herdr.sock HERDR_TAB_ID=w1:t1 HERDR_WORKSPACE_ID=w1 
   role warnings in session start output:
   pane tokens after: {}
== second: session start exit=0
   injected env: HERDR_BIN_PATH=/opt/homebrew/bin/herdr HERDR_ENV=1 HERDR_PANE_ID=w1:p1 HERDR_SESSION=fm-lab-role-live-8670-26289 HERDR_SOCKET_PATH=/Users/karanmanoharan/.config/herdr/sessions/fm-lab-role-live-8670-26289/herdr.sock HERDR_TAB_ID=w1:t1 HERDR_WORKSPACE_ID=w1 
   role warnings in session start output:
   pane tokens after: {}
== herdr pane get w1:p1 (final):
{
  "pane_id": "w1:p1",
  "workspace_id": "w1",
  "tokens": null
}
