lab session: fm-lab-role-live-41944-24242
pane: w1:p1
tokens before any session start: {}
== foreign: session start exit=timeout
   injected env: HERDR_BIN_PATH=/opt/homebrew/bin/herdr HERDR_ENV=1 HERDR_PANE_ID=w1:p1 HERDR_SESSION=fm-lab-role-live-41944-24242 HERDR_SOCKET_PATH=/Users/karanmanoharan/.config/herdr/sessions/fm-lab-role-live-41944-24242/herdr.sock HERDR_TAB_ID=w1:t1 HERDR_WORKSPACE_ID=w1 
   role warnings in session start output:
grep: /private/var/folders/j_/wjtv52sn0vx4tgwpwzmq50vw0000gn/T/fm-role-live.T4GwxA/foreign.out: No such file or directory
   pane tokens after: {}
== primary: session start exit=timeout
   injected env: HERDR_BIN_PATH=/opt/homebrew/bin/herdr HERDR_ENV=1 HERDR_PANE_ID=w1:p1 HERDR_SESSION=fm-lab-role-live-41944-24242 HERDR_SOCKET_PATH=/Users/karanmanoharan/.config/herdr/sessions/fm-lab-role-live-41944-24242/herdr.sock HERDR_TAB_ID=w1:t1 HERDR_WORKSPACE_ID=w1 
   role warnings in session start output:
grep: /private/var/folders/j_/wjtv52sn0vx4tgwpwzmq50vw0000gn/T/fm-role-live.T4GwxA/primary.out: No such file or directory
   pane tokens after: {}
== second: session start exit=timeout
   injected env: HERDR_BIN_PATH=/opt/homebrew/bin/herdr HERDR_ENV=1 HERDR_PANE_ID=w1:p1 HERDR_SESSION=fm-lab-role-live-41944-24242 HERDR_SOCKET_PATH=/Users/karanmanoharan/.config/herdr/sessions/fm-lab-role-live-41944-24242/herdr.sock HERDR_TAB_ID=w1:t1 HERDR_WORKSPACE_ID=w1 
   role warnings in session start output:
grep: /private/var/folders/j_/wjtv52sn0vx4tgwpwzmq50vw0000gn/T/fm-role-live.T4GwxA/second.out: No such file or directory
   pane tokens after: {}
== herdr pane get w1:p1 (final):
{
  "pane_id": "w1:p1",
  "workspace_id": "w1",
  "tokens": null
}
