FM_TEST_BEGIN 2026-10-08T16:00:19Z tests/fm-omp-harness.test.sh family=pure-contract-unit expected_gate_skip=none
ok - fm-harness: omp detects by its anchored name; the marker is a precedence override that needs real omp ancestry
ok - session lock and tmux liveness: omp is anchored, decoys stay out
ok - fm-spawn: the omp launch line clears markers, pins posture, and wires the state-resident extension
ok - fm-spawn: omp model validation is scoped to providers the listing can prove
ok - fm-spawn: a real omp secondmate launch relies on auto-discovery while crewmates load one -e
ok - fm-spawn: the config/secondmate-harness model pin is validated against the omp catalog before launch
ok - omp extension: agent_start busy, willContinue stays busy, plain agent_end idle, turn_end a notification
ok - control, composer, and supervision-model tables carry omp's verified values
ok - fm-wake-lib: the omp ownership proof is keyed on its own extensions and gates the hand-off tolerance
ok - .omp turn-end guard: digest delivery, seatbelt block, one compelled continuation, flagged stop stands down
ok - .omp watch extension: fm_watch_arm_omp arms once, repeats as a no-op, and delivers an actionable close as one follow-up
ok - .omp watch extension: an opted-in home runs the supervision host and relays every host line (away record)
ok - .omp watch extension: an opted-in home runs the supervision host and relays every host line (quiet record)
ok - .omp watch extension: a home without config/supervision-host or with an off file keeps the plain arm
ok - .omp watch extension: a host-only boundary rides the replacement handoff and replays in the successor session
ok - .omp watch extension: a host close split across stream chunks reaches main as one whole follow-up
FM_TEST_END 2026-10-08T16:01:29Z tests/fm-omp-harness.test.sh exit=0 duration_ms=69801 gate_skip=false
FM_TEST_SUMMARY total=1 failed=0 skipped_gate=0 duration_ms=69866
FM_TEST_SUMMARY_FAMILY family=pure-contract-unit count=1 duration_ms=69801 failed=0
FM_TEST_SLOWEST rank=1 script=tests/fm-omp-harness.test.sh duration_ms=69801
fm-test-run: wrote timing artifact: /Users/karanmanoharan/.no-mistakes/evidence/01M4DR9JRJQ9KWVJ2ZGHKNTQNR/omp-rerun-timing.json
